\BOOKMARK [1][-]{Doc-Start}{\376\377\004\045\004\103\004\100\004\060\004\060\004\075\004\063\004\103\004\071}{}% 1
\BOOKMARK [1][-]{Doc-Start}{\376\377\000A\000b\000s\000t\000r\000a\000c\000t}{}% 2
\BOOKMARK [1][-]{Doc-Start}{\376\377\004\042\004\076\004\062\004\107\004\070\004\073\004\101\004\076\004\075\000\040\004\257\004\063\004\070\004\071\004\075\000\040\004\066\004\060\004\063\004\101\004\060\004\060\004\073\004\102}{}% 3
\BOOKMARK [1][-]{Item.15}{\376\377\004\045\004\257\004\101\004\075\004\115\004\063\004\102\004\070\004\071\004\075\000\040\004\066\004\060\004\063\004\101\004\060\004\060\004\073\004\102}{}% 4
\BOOKMARK [1][-]{Item.15}{\376\377\004\027\004\103\004\100\004\063\004\070\004\071\004\075\000\040\004\066\004\060\004\063\004\101\004\060\004\060\004\073\004\102}{}% 5
\BOOKMARK [1][-]{section.1}{\376\377\004\020\004\066\004\073\004\113\004\075\000\040\004\102\004\351\004\073\004\351\004\062\004\073\004\351\004\063\004\351\004\351}{}% 6
\BOOKMARK [1][-]{section.2}{\376\377\004\043\004\064\004\070\004\100\004\102\004\063\004\060\004\073}{}% 7
\BOOKMARK [2][-]{subsection.2.1}{\376\377\004\256\004\075\004\064\004\115\004\101\004\073\004\115\004\073\000,\000\040\004\060\004\107\000\040\004\105\004\076\004\073\004\061\004\076\004\063\004\064\004\076\004\073}{section.2}% 8
\BOOKMARK [2][-]{subsection.2.2}{\376\377\004\027\004\076\004\100\004\070\004\073\004\063\004\076\000,\000\040\004\067\004\076\004\100\004\070\004\073\004\102}{section.2}% 9
\BOOKMARK [2][-]{subsection.2.3}{\376\377\004\041\004\103\004\064\004\060\004\073\004\063\004\060\004\060\004\075\004\113\000\040\004\105\004\117\004\067\004\063\004\060\004\060\004\100\004\073\004\060\004\073\004\102}{section.2}% 10
\BOOKMARK [1][-]{section.3}{\376\377\004\041\004\103\004\064\004\060\004\073\004\063\004\060\004\060\004\075\004\113\000\040\004\101\004\115\004\064\004\062\004\070\004\071\004\075\000\040\004\076\004\075\004\076\004\073\000,\000\040\004\351\004\075\004\351\004\351\004\063\004\070\004\071\004\075\000\040\004\102\004\257\004\062\004\110\004\070\004\075}{}% 11
\BOOKMARK [2][-]{subsection.3.1}{\376\377\000R\000A\000G\000\040\004\060\004\100\004\063\004\060\004\107\004\073\004\060\004\073\004\113\004\075\000\040\004\257\004\075\004\064\004\115\004\101}{section.3}% 12
\BOOKMARK [2][-]{subsection.3.2}{\376\377\004\045\004\076\004\101\004\076\004\073\004\074\004\076\004\073\000\040\004\105\004\060\004\071\004\073\004\102\004\113\004\075\000\040\004\076\004\075\004\076\004\073}{section.3}% 13
\BOOKMARK [2][-]{subsection.3.3}{\376\377\000E\000m\000b\000e\000d\000d\000i\000n\000g\000\040\000\050\004\062\004\065\004\072\004\102\004\076\004\100\000\040\004\064\004\257\004\100\004\101\004\073\004\115\004\073\000\051\000\040\004\076\004\075\004\076\004\073}{section.3}% 14
\BOOKMARK [2][-]{subsection.3.4}{\376\377\000T\000r\000a\000n\000s\000f\000o\000r\000m\000e\000r\000\040\004\060\004\100\004\105\004\070\004\102\004\065\004\072\004\102\004\103\004\100\000\040\004\061\004\060\000\040\000A\000t\000t\000e\000n\000t\000i\000o\000n\000\040\004\074\004\065\004\105\004\060\004\075\004\070\004\067\004\074}{section.3}% 15
\BOOKMARK [2][-]{subsection.3.5}{\376\377\000O\000N\000N\000X\000\040\004\061\004\060\000\040\004\067\004\060\004\063\004\062\004\060\004\100\004\113\004\075\000\040\004\076\004\075\004\076\004\062\004\107\004\073\004\076\004\073\004\113\004\075\000\040\004\076\004\075\004\076\004\073}{section.3}% 16
\BOOKMARK [2][-]{subsection.3.6}{\376\377\004\034\004\115\004\064\004\115\004\115\004\073\004\115\004\073\000\040\004\105\004\060\004\071\004\073\004\102\004\113\004\075\000\040\004\257\004\075\004\115\004\073\004\063\004\115\004\115\004\075\004\070\004\071\000\040\004\257\004\067\004\257\004\257\004\073\004\115\004\073\004\102\004\257\004\257\004\064}{section.3}% 17
\BOOKMARK [2][-]{subsection.3.7}{\376\377\004\030\004\066\004\070\004\073\000\040\004\102\004\351\004\100\004\073\004\070\004\071\004\075\000\040\004\101\004\103\004\064\004\060\004\073\004\063\004\060\004\060\004\075\004\113\000\040\004\060\004\066\004\073\004\103\004\103\004\064\004\113\004\075\000\040\004\105\004\060\004\100\004\114\004\106\004\103\004\103\004\073\004\060\004\073\004\102}{section.3}% 18
\BOOKMARK [1][-]{section.4}{\376\377\004\041\004\103\004\064\004\060\004\073\004\063\004\060\004\060\004\075\004\113\000\040\004\060\004\100\004\063\004\060\000\040\004\067\004\257\004\071}{}% 19
\BOOKMARK [2][-]{subsection.4.1}{\376\377\004\041\004\070\004\101\004\102\004\065\004\074\004\070\004\071\004\075\000\040\004\065\004\100\004\351\004\075\004\105\004\070\004\071\000\040\004\060\004\100\004\105\004\070\004\102\004\065\004\072\004\102\004\103\004\100}{section.4}% 20
\BOOKMARK [2][-]{subsection.4.2}{\376\377\004\041\004\070\004\101\004\102\004\065\004\074\004\070\004\071\004\075\000\040\004\060\004\066\004\070\004\073\004\073\004\060\004\105\000\040\004\064\004\060\004\100\004\060\004\060\004\073\004\060\004\073}{section.4}% 21
\BOOKMARK [2][-]{subsection.4.3}{\376\377\004\044\004\060\004\071\004\073\000\040\004\103\004\075\004\110\004\070\004\063\004\107\000\040\004\074\004\076\004\064\004\103\004\073\004\114}{section.4}% 22
\BOOKMARK [2][-]{subsection.4.4}{\376\377\000C\000h\000u\000n\000k\000i\000n\000g\000\040\000\050\004\105\004\115\004\101\004\115\004\063\004\107\004\073\004\115\004\073\000\051}{section.4}% 23
\BOOKMARK [2][-]{subsection.4.5}{\376\377\000E\000m\000b\000e\000d\000d\000i\000n\000g\000\040\004\061\004\060\000\040\000O\000N\000N\000X\000\040\004\076\004\075\004\076\004\062\004\107\004\073\004\076\004\073}{section.4}% 24
\BOOKMARK [2][-]{subsection.4.6}{\376\377\000E\000m\000b\000e\000d\000d\000i\000n\000g\000\040\004\072\004\115\004\110\000\040\004\101\004\070\004\101\004\102\004\065\004\074}{section.4}% 25
\BOOKMARK [2][-]{subsection.4.7}{\376\377\000F\000A\000I\000S\000S\000\040\004\062\004\065\004\072\004\102\004\076\004\100\000\040\004\070\004\075\004\064\004\065\004\072\004\101}{section.4}% 26
\BOOKMARK [2][-]{subsection.4.8}{\376\377\000B\000M\0002\0005\000\040\004\101\004\102\004\060\004\102\004\070\004\101\004\102\004\070\004\072\000\040\004\070\004\075\004\064\004\065\004\072\004\101}{section.4}% 27
\BOOKMARK [2][-]{subsection.4.9}{\376\377\004\045\004\076\004\073\004\070\004\074\004\076\004\063\000\040\004\105\004\060\004\071\004\073\004\102\004\113\004\075\000\040\004\105\004\115\004\100\004\115\004\063\004\066\004\257\004\257\004\073\004\115\004\073\004\102}{section.4}% 28
\BOOKMARK [2][-]{subsection.4.10}{\376\377\004\020\004\101\004\103\004\103\004\073\004\102\000\040\004\351\004\100\004\063\004\351\004\102\004\063\004\351\004\073\004\102\000\040\000\050\000Q\000u\000e\000r\000y\000\040\000E\000x\000p\000a\000n\000s\000i\000o\000n\000\051}{section.4}% 29
\BOOKMARK [2][-]{subsection.4.11}{\376\377\000L\000L\000M\000-\004\064\000\040\004\102\004\103\004\073\004\063\004\103\004\103\004\100\004\073\004\060\004\101\004\060\004\075\000\040\004\105\004\060\004\071\004\073\004\102\000\040\004\101\004\060\004\071\004\066\004\100\004\103\004\103\004\073\004\060\004\073\004\102}{section.4}% 30
\BOOKMARK [2][-]{subsection.4.12}{\376\377\000R\000e\000r\000a\000n\000k\000e\000r}{section.4}% 31
\BOOKMARK [2][-]{subsection.4.13}{\376\377\000L\000L\000M\000\040\004\105\004\060\004\100\004\070\004\103\004\073\004\102\000\040\004\257\004\257\004\101\004\063\004\115\004\063\004\107\000\040\000\050\000O\000l\000l\000a\000m\000a\000\051}{section.4}% 32
\BOOKMARK [2][-]{subsection.4.14}{\376\377\004\045\004\115\004\100\004\115\004\063\004\073\004\115\004\063\004\107\004\070\004\071\004\075\000\040\004\064\004\115\004\073\004\063\004\115\004\106\000\040\000\050\000G\000r\000a\000d\000i\000o\000\051}{section.4}% 33
\BOOKMARK [2][-]{subsection.4.15}{\376\377\004\045\004\351\004\063\004\066\004\257\004\257\004\073\004\115\004\073\004\102\004\070\004\071\004\075\000\040\004\117\004\062\004\106\004\060\004\064\000\040\004\102\004\103\004\073\004\063\004\060\004\100\004\101\004\060\004\075\000\040\004\105\004\257\004\075\004\064\004\100\004\115\004\073\004\257\004\257\004\064\000\040\004\061\004\060\000\040\004\110\004\070\004\071\004\064\004\073\004\257\004\257\004\064}{section.4}% 34
\BOOKMARK [1][-]{section.5}{\376\377\004\041\004\103\004\064\004\060\004\073\004\063\004\060\004\060\004\075\004\113\000\040\004\257\004\100\000\040\004\064\004\257\004\075\000,\000\040\004\064\004\257\004\063\004\075\004\115\004\073\004\102}{}% 35
\BOOKMARK [2][-]{subsection.5.1}{\376\377\004\023\004\257\004\071\004\106\004\115\004\102\004\063\004\115\004\073\004\070\004\071\004\075\000\040\004\105\004\115\004\074\004\066\004\070\004\073\004\102}{section.5}% 36
\BOOKMARK [2][-]{subsection.5.2}{\376\377\004\030\004\075\004\064\004\065\004\072\004\101\004\115\004\073\004\115\004\073\004\102\004\070\004\071\004\075\000\040\004\067\004\060\004\064\004\060\004\100\004\063\004\060\004\060}{section.5}% 37
\BOOKMARK [2][-]{subsection.5.3}{\376\377\004\036\004\075\004\076\004\062\004\107\004\073\004\076\004\073\004\113\004\075\000\040\004\257\004\100\000\040\004\064\004\257\004\075}{section.5}% 38
\BOOKMARK [2][-]{subsection.5.4}{\376\377\004\045\004\060\004\071\004\073\004\102\004\113\004\075\000\040\004\075\004\060\004\100\004\070\004\071\004\062\004\107\004\073\004\060\004\073\004\113\004\075\000\040\004\105\004\060\004\100\004\114\004\106\004\103\004\103\004\073\004\060\004\073\004\102}{section.5}% 39
\BOOKMARK [2][-]{subsection.5.5}{\376\377\000Q\000u\000e\000r\000y\000\040\000E\000x\000p\000a\000n\000s\000i\000o\000n\000-\004\070\004\071\004\075\000\040\004\257\004\100\000\040\004\075\004\351\004\073\004\351\004\351}{section.5}% 40
\BOOKMARK [2][-]{subsection.5.6}{\376\377\004\044\004\060\004\071\004\073\004\113\004\075\000\040\004\104\004\076\004\100\004\074\004\060\004\102\004\113\004\075\000\040\004\064\004\115\004\074\004\066\004\073\004\115\004\063}{section.5}% 41
\BOOKMARK [2][-]{subsection.5.7}{\376\377\004\024\004\257\004\063\004\075\004\115\004\073\004\102}{section.5}% 42
\BOOKMARK [1][-]{Item.63}{\376\377\004\035\004\076\004\074\000\040\004\067\004\257\004\071}{}% 43
\BOOKMARK [1][-]{Item.88}{\376\377\004\042\004\060\004\073\004\060\004\100\004\105\004\060\004\073}{}% 44
\BOOKMARK [1][-]{Item.88}{\376\377\004\045\004\060\004\062\004\101\004\100\004\060\004\073\004\102}{}% 45
